{"level":"info","message":"Anonymous report email sent successfully to all recipients","timestamp":"2025-01-30T05:00:27.904Z"}
{"level":"info","message":"Slack bot connected as B08C1FA1QQG","timestamp":"2025-02-02T09:17:00.310Z"}
{"level":"info","message":"Report sent to Slack private channel successfully","timestamp":"2025-02-02T09:28:59.070Z"}
{"level":"info","message":"Anonymous report email sent successfully to all recipients","timestamp":"2025-02-02T09:29:02.673Z"}
{"level":"info","message":"Report sent to Slack private channel successfully","timestamp":"2025-02-02T09:29:20.588Z"}
{"level":"info","message":"Anonymous report email sent successfully to all recipients","timestamp":"2025-02-02T09:29:23.119Z"}
{"level":"info","message":"Slack bot connected as B08C1FA1QQG","timestamp":"2025-02-02T13:24:24.331Z"}
{"level":"info","message":"Slack bot connected as B08C1FA1QQG","timestamp":"2025-02-02T13:48:36.693Z"}
{"level":"info","message":"Anonymous report email sent successfully to all recipients","timestamp":"2025-02-02T13:48:46.666Z"}
{"level":"info","message":"Leave notification email sent successfully","timestamp":"2025-02-02T13:48:46.667Z"}
{"level":"info","message":"Message sent to public Slack channel","timestamp":"2025-02-02T13:48:47.148Z"}
{"level":"info","message":"Anonymous report email sent successfully to all recipients","timestamp":"2025-02-02T13:50:31.365Z"}
{"level":"info","message":"Leave notification email sent successfully","timestamp":"2025-02-02T13:50:31.366Z"}
{"level":"info","message":"Anonymous report email sent successfully to all recipients","timestamp":"2025-02-02T13:51:13.375Z"}
{"level":"info","message":"Leave notification email sent successfully","timestamp":"2025-02-02T13:51:13.376Z"}
{"level":"info","message":"Slack bot connected as B08C1FA1QQG","timestamp":"2025-02-02T13:56:07.152Z"}
{"level":"info","message":"Slack bot connected as B08C1FA1QQG","timestamp":"2025-02-02T13:57:23.990Z"}
{"level":"info","message":"Report sent to Slack private channel successfully","timestamp":"2025-02-02T13:58:07.028Z"}
{"level":"info","message":"Anonymous report email sent successfully to all recipients","timestamp":"2025-02-02T13:58:09.406Z"}
{"level":"info","message":"Leave notification email sent successfully","timestamp":"2025-02-02T13:58:48.847Z"}
{"level":"info","message":"Message sent to public Slack channel","timestamp":"2025-02-02T13:58:49.274Z"}
{"level":"info","message":"Slack bot connected as B08C1FA1QQG","timestamp":"2025-02-02T14:00:53.125Z"}
{"level":"info","message":"Leave notification email sent successfully","timestamp":"2025-02-02T14:02:06.791Z"}
{"level":"info","message":"Message sent to public Slack channel","timestamp":"2025-02-02T14:02:07.246Z"}
{"level":"info","message":"Slack bot connected as B08C1FA1QQG","timestamp":"2025-02-02T14:02:41.952Z"}
{"level":"info","message":"Slack bot connected as B08C1FA1QQG","timestamp":"2025-02-02T14:03:03.852Z"}
{"level":"info","message":"Slack bot connected as B08C1FA1QQG","timestamp":"2025-02-04T14:43:15.444Z"}
{"level":"info","message":"Report sent to Slack private channel successfully","timestamp":"2025-02-04T15:08:42.704Z"}
{"level":"info","message":"Anonymous report email sent successfully to all recipients","timestamp":"2025-02-04T15:08:44.896Z"}
{"level":"info","message":"Slack bot connected as B08C1FA1QQG","timestamp":"2025-02-04T15:15:54.765Z"}
{"level":"info","message":"Slack bot connected as B08C1FA1QQG","timestamp":"2025-02-04T15:37:38.961Z"}
{"level":"info","message":"Slack bot connected as B08C1FA1QQG","timestamp":"2025-02-04T15:42:45.563Z"}
{"level":"info","message":"Slack bot connected as B08C1FA1QQG","timestamp":"2025-02-04T16:27:26.717Z"}
{"level":"info","message":"Report sent to Slack private channel successfully","timestamp":"2025-02-04T16:30:31.502Z"}
{"level":"info","message":"Anonymous report email sent successfully to all recipients","timestamp":"2025-02-04T16:30:34.714Z"}
{"level":"info","message":"Report sent to Slack private channel successfully","timestamp":"2025-02-04T16:38:28.648Z"}
{"level":"info","message":"Anonymous report email sent successfully to all recipients","timestamp":"2025-02-04T16:38:31.632Z"}
{"level":"info","message":"Leave notification email sent successfully","timestamp":"2025-02-04T16:39:28.303Z"}
{"level":"info","message":"Message sent to public Slack channel","timestamp":"2025-02-04T16:39:28.851Z"}
{"level":"info","message":"Leave notification email sent successfully","timestamp":"2025-02-04T16:40:52.075Z"}
{"level":"info","message":"Message sent to public Slack channel","timestamp":"2025-02-04T16:40:52.558Z"}
{"level":"info","message":"Slack bot connected as B08C1FA1QQG","timestamp":"2025-02-05T08:58:57.904Z"}
{"level":"info","message":"Report sent to Slack private channel successfully","timestamp":"2025-02-05T08:59:53.713Z"}
{"level":"info","message":"Anonymous report email sent successfully to all recipients","timestamp":"2025-02-05T08:59:57.095Z"}
{"level":"info","message":"Leave notification email sent successfully","timestamp":"2025-02-05T09:01:35.895Z"}
{"level":"info","message":"Message sent to public Slack channel","timestamp":"2025-02-05T09:01:36.330Z"}
{"level":"info","message":"Slack bot connected as B08C1FA1QQG","timestamp":"2025-02-11T16:16:07.718Z"}
{"level":"info","message":"Slack bot connected as B08C1FA1QQG","timestamp":"2025-02-11T16:17:11.331Z"}
{"level":"info","message":"Slack bot connected as B08C1FA1QQG","timestamp":"2025-02-11T16:17:45.595Z"}
{"level":"info","message":"Slack bot connected as B08C1FA1QQG","timestamp":"2025-02-11T16:18:09.282Z"}
{"level":"info","message":"Slack bot connected as B08C1FA1QQG","timestamp":"2025-02-11T16:18:52.080Z"}
{"level":"info","message":"Slack bot connected as B08C1FA1QQG","timestamp":"2025-02-11T16:19:05.954Z"}
{"level":"info","message":"Slack bot connected as B08C1FA1QQG","timestamp":"2025-02-14T09:45:50.635Z"}
{"level":"info","message":"Slack bot connected as B08C1FA1QQG","timestamp":"2025-02-14T09:46:25.359Z"}
{"level":"info","message":"Slack bot connected as B08C1FA1QQG","timestamp":"2025-02-14T09:50:40.682Z"}
{"level":"info","message":"Slack bot connected as B08C1FA1QQG","timestamp":"2025-02-14T09:51:23.581Z"}
{"level":"info","message":"Slack bot connected as B08C1FA1QQG","timestamp":"2025-02-14T09:51:57.062Z"}
{"level":"info","message":"Slack bot connected as B08C1FA1QQG","timestamp":"2025-02-21T09:06:24.280Z"}
{"level":"info","message":"Slack bot connected as B08C1FA1QQG","timestamp":"2025-02-21T09:23:38.397Z"}
{"level":"info","message":"Slack bot connected as B08C1FA1QQG","timestamp":"2025-02-21T09:24:32.686Z"}
{"level":"info","message":"Slack bot connected as B08C1FA1QQG","timestamp":"2025-02-21T09:25:12.525Z"}
{"level":"info","message":"Slack bot connected as B08C1FA1QQG","timestamp":"2025-02-21T09:25:38.531Z"}
{"level":"info","message":"Slack bot connected as B08C1FA1QQG","timestamp":"2025-02-21T09:32:07.415Z"}
{"level":"info","message":"Slack bot connected as B08C1FA1QQG","timestamp":"2025-02-21T09:34:33.942Z"}
{"level":"info","message":"Slack bot connected as B08C1FA1QQG","timestamp":"2025-02-21T09:35:27.803Z"}
{"level":"info","message":"Slack bot connected as B08C1FA1QQG","timestamp":"2025-02-21T09:39:38.121Z"}
{"level":"info","message":"Slack bot connected as B08C1FA1QQG","timestamp":"2025-02-21T09:39:45.992Z"}
{"level":"info","message":"Slack bot connected as B08C1FA1QQG","timestamp":"2025-02-21T09:39:56.282Z"}
{"level":"info","message":"Slack bot connected as B08C1FA1QQG","timestamp":"2025-02-21T09:40:41.997Z"}
{"level":"info","message":"Slack bot connected as B08C1FA1QQG","timestamp":"2025-02-21T09:53:13.328Z"}
{"level":"info","message":"Slack bot connected as B08C1FA1QQG","timestamp":"2025-02-21T10:11:45.653Z"}
{"level":"info","message":"Slack bot connected as B08C1FA1QQG","timestamp":"2025-02-21T10:14:32.768Z"}
{"level":"info","message":"Slack bot connected as B08C1FA1QQG","timestamp":"2025-02-21T10:15:24.623Z"}
{"level":"info","message":"Slack bot connected as B08C1FA1QQG","timestamp":"2025-02-21T10:18:46.762Z"}
{"level":"info","message":"Slack bot connected as B08C1FA1QQG","timestamp":"2025-02-21T10:20:24.582Z"}
{"level":"info","message":"Slack bot connected as B08C1FA1QQG","timestamp":"2025-02-21T10:20:52.178Z"}
{"level":"info","message":"Slack bot connected as B08C1FA1QQG","timestamp":"2025-02-21T10:22:18.407Z"}
{"level":"info","message":"Report sent to Slack private channel successfully","timestamp":"2025-02-21T10:22:57.270Z"}
{"level":"info","message":"Anonymous report email sent successfully to all recipients","timestamp":"2025-02-21T10:23:00.621Z"}
{"level":"info","message":"Slack bot connected as B08C1FA1QQG","timestamp":"2025-02-23T03:42:52.868Z"}
{"level":"info","message":"Slack bot connected as B08C1FA1QQG","timestamp":"2025-02-23T03:46:51.938Z"}
